   Compiling proc-macro2 v1.0.107
   Compiling unicode-ident v1.0.26
   Compiling quote v1.0.47
   Compiling serde_core v1.0.229
   Compiling crc32fast v1.5.2
   Compiling serde v1.0.229
    Checking adler2 v2.0.1
    Checking simd-adler32 v0.3.10
    Checking cfg-if v1.0.5
   Compiling thiserror v2.0.21
   Compiling serde_json v1.0.145
    Checking byteorder v1.5.0
    Checking zlib-rs v0.6.8
    Checking simdutf8 v0.1.5
    Checking memchr v2.8.3
    Checking cesu8 v1.1.0
    Checking itoa v1.0.18
    Checking ryu v1.0.23
    Checking core-types v0.1.0 (D:\minecraftrust-astra-hardening\crates\core-types)
    Checking miniz_oxide v0.9.1
    Checking simd_cesu8 v1.2.0
    Checking nbt v0.1.0 (D:\minecraftrust-astra-hardening\crates\nbt)
    Checking flate2 v1.1.10
   Compiling syn v3.0.6
   Compiling syn v2.0.119
    Checking serde_bytes v0.11.19
   Compiling simdnbt-derive v0.10.0
   Compiling serde_derive v1.0.229
   Compiling thiserror-impl v2.0.21
    Checking simdnbt v0.10.0
    Checking fastnbt v2.6.3
    Checking nbt-region-experiment v0.1.0 (D:\minecraftrust-astra-hardening\tools\nbt-region-experiment)
    Finished `dev` profile [unoptimized + debuginfo] target(s) in 4.89s
