   Compiling proc-macro2 v1.0.107
   Compiling quote v1.0.47
   Compiling unicode-ident v1.0.26
   Compiling serde_core v1.0.229
   Compiling crc32fast v1.5.2
   Compiling serde v1.0.229
   Compiling adler2 v2.0.1
   Compiling thiserror v2.0.21
   Compiling simd-adler32 v0.3.10
   Compiling cfg-if v1.0.5
   Compiling serde_json v1.0.145
   Compiling simdutf8 v0.1.5
   Compiling zlib-rs v0.6.8
   Compiling byteorder v1.5.0
   Compiling cesu8 v1.1.0
   Compiling memchr v2.8.3
   Compiling core-types v0.1.0 (D:\minecraftrust-astra-hardening\crates\core-types)
   Compiling itoa v1.0.18
   Compiling miniz_oxide v0.9.1
   Compiling simd_cesu8 v1.2.0
   Compiling ryu v1.0.23
   Compiling nbt v0.1.0 (D:\minecraftrust-astra-hardening\crates\nbt)
   Compiling syn v3.0.6
   Compiling syn v2.0.119
   Compiling flate2 v1.1.10
   Compiling serde_derive v1.0.229
   Compiling thiserror-impl v2.0.21
   Compiling serde_bytes v0.11.19
   Compiling simdnbt-derive v0.10.0
   Compiling simdnbt v0.10.0
   Compiling fastnbt v2.6.3
   Compiling nbt-region-experiment v0.1.0 (D:\minecraftrust-astra-hardening\tools\nbt-region-experiment)
    Finished `release` profile [optimized + debuginfo] target(s) in 7.46s
